---
source: crates/integration-tests/src/tests/basic.rs
expression: "graphql_query(r#\"\n            query {\n              testCases_nestedFieldWithDollar {\n                configuration {\n                  schema\n                }\n              }\n            }\n            \"#).run().await?"
---
data:
  testCases_nestedFieldWithDollar:
    - configuration:
        schema: ~
    - configuration:
        schema: schema3
    - configuration:
        schema: schema1
errors: ~
