---
source: crates/integration-tests/src/tests/grouping.rs
expression: "run_connector_query(Connector::SampleMflix,\nquery_request().collection(\"movies\").query(query().predicate(or([binop(\"_gt\",\ntarget!(\"year\"), value!(0)),\nbinop(\"_lte\", target!(\"year\"),\nvalue!(0)),])).groups(grouping().dimensions([dimension_column(\"year\")]).aggregates([(\"average_viewer_rating\",\ncolumn_aggregate(\"tomatoes.viewer.rating\", \"avg\"),),\n(\"max_runtime\",\ncolumn_aggregate(\"runtime\",\n\"max\")),]).order_by(ordered_dimensions()),),),).await?"
---
- groups:
    - dimensions:
        - 1891
      aggregates:
        average_viewer_rating: ~
        max_runtime: 1
    - dimensions:
        - 1893
      aggregates:
        average_viewer_rating: 3
        max_runtime: 1
    - dimensions:
        - 1894
      aggregates:
        average_viewer_rating: 3.8
        max_runtime: 1
    - dimensions:
        - 1896
      aggregates:
        average_viewer_rating: 4
        max_runtime: 1
    - dimensions:
        - 1903
      aggregates:
        average_viewer_rating: 3.7
        max_runtime: 11
    - dimensions:
        - 1909
      aggregates:
        average_viewer_rating: 3.6
        max_runtime: 14
    - dimensions:
        - 1911
      aggregates:
        average_viewer_rating: 3.4
        max_runtime: 7
    - dimensions:
        - 1912
      aggregates:
        average_viewer_rating: 3.7
        max_runtime: 14
    - dimensions:
        - 1913
      aggregates:
        average_viewer_rating: 3
        max_runtime: 88
    - dimensions:
        - 1914
      aggregates:
        average_viewer_rating: 3.0666666666666664
        max_runtime: 199
    - dimensions:
        - 1915
      aggregates:
        average_viewer_rating: 3.5200000000000005
        max_runtime: 399
    - dimensions:
        - 1916
      aggregates:
        average_viewer_rating: 2.525
        max_runtime: 197
    - dimensions:
        - 1917
      aggregates:
        average_viewer_rating: 4
        max_runtime: 72
    - dimensions:
        - 1918
      aggregates:
        average_viewer_rating: 3.6
        max_runtime: 75
    - dimensions:
        - 1919
      aggregates:
        average_viewer_rating: 3.5
        max_runtime: 90
    - dimensions:
        - 1920
      aggregates:
        average_viewer_rating: 2.983333333333333
        max_runtime: 80
    - dimensions:
        - 1921
      aggregates:
        average_viewer_rating: 3.533333333333333
        max_runtime: 150
    - dimensions:
        - 1922
      aggregates:
        average_viewer_rating: 3.857142857142857
        max_runtime: 143
    - dimensions:
        - 1923
      aggregates:
        average_viewer_rating: 3.766666666666667
        max_runtime: 133
    - dimensions:
        - 1924
      aggregates:
        average_viewer_rating: 3.855555555555556
        max_runtime: 155
    - dimensions:
        - 1925
      aggregates:
        average_viewer_rating: 3.8230769230769233
        max_runtime: 151
    - dimensions:
        - 1926
      aggregates:
        average_viewer_rating: 3.288888888888889
        max_runtime: 112
    - dimensions:
        - 1927
      aggregates:
        average_viewer_rating: 3.89090909090909
        max_runtime: 240
    - dimensions:
        - 1928
      aggregates:
        average_viewer_rating: 3.922222222222222
        max_runtime: 114
    - dimensions:
        - 1929
      aggregates:
        average_viewer_rating: 3.2700000000000005
        max_runtime: 109
    - dimensions:
        - 1930
      aggregates:
        average_viewer_rating: 3.591666666666667
        max_runtime: 158
    - dimensions:
        - 1931
      aggregates:
        average_viewer_rating: 3.658333333333333
        max_runtime: 123
    - dimensions:
        - 1932
      aggregates:
        average_viewer_rating: 3.764
        max_runtime: 112
    - dimensions:
        - 1933
      aggregates:
        average_viewer_rating: 3.6296296296296298
        max_runtime: 117
    - dimensions:
        - 1934
      aggregates:
        average_viewer_rating: 3.64375
        max_runtime: 281
    - dimensions:
        - 1935
      aggregates:
        average_viewer_rating: 3.53
        max_runtime: 133
    - dimensions:
        - 1936
      aggregates:
        average_viewer_rating: 3.405
        max_runtime: 245
    - dimensions:
        - 1937
      aggregates:
        average_viewer_rating: 3.592307692307692
        max_runtime: 144
    - dimensions:
        - 1938
      aggregates:
        average_viewer_rating: 3.6318181818181823
        max_runtime: 149
    - dimensions:
        - 1939
      aggregates:
        average_viewer_rating: 3.685714285714286
        max_runtime: 238
    - dimensions:
        - 1940
      aggregates:
        average_viewer_rating: 3.6666666666666665
        max_runtime: 142
    - dimensions:
        - 1941
      aggregates:
        average_viewer_rating: 3.6548387096774193
        max_runtime: 134
    - dimensions:
        - 1942
      aggregates:
        average_viewer_rating: 3.4027777777777777
        max_runtime: 134
    - dimensions:
        - 1943
      aggregates:
        average_viewer_rating: 3.4444444444444446
        max_runtime: 170
    - dimensions:
        - 1944
      aggregates:
        average_viewer_rating: 3.5966666666666667
        max_runtime: 177
    - dimensions:
        - 1945
      aggregates:
        average_viewer_rating: 3.520512820512821
        max_runtime: 190
    - dimensions:
        - 1946
      aggregates:
        average_viewer_rating: 3.7295454545454545
        max_runtime: 172
    - dimensions:
        - 1947
      aggregates:
        average_viewer_rating: 3.5789473684210527
        max_runtime: 141
    - dimensions:
        - 1948
      aggregates:
        average_viewer_rating: 3.602941176470588
        max_runtime: 160
    - dimensions:
        - 1949
      aggregates:
        average_viewer_rating: 3.7095238095238097
        max_runtime: 132
    - dimensions:
        - 1950
      aggregates:
        average_viewer_rating: 3.3823529411764706
        max_runtime: 167
    - dimensions:
        - 1951
      aggregates:
        average_viewer_rating: 3.5825396825396822
        max_runtime: 171
    - dimensions:
        - 1952
      aggregates:
        average_viewer_rating: 3.7
        max_runtime: 152
    - dimensions:
        - 1953
      aggregates:
        average_viewer_rating: 3.5975
        max_runtime: 151
    - dimensions:
        - 1954
      aggregates:
        average_viewer_rating: 3.420967741935484
        max_runtime: 207
    - dimensions:
        - 1955
      aggregates:
        average_viewer_rating: 3.631645569620253
        max_runtime: 181
    - dimensions:
        - 1956
      aggregates:
        average_viewer_rating: 3.55625
        max_runtime: 220
    - dimensions:
        - 1957
      aggregates:
        average_viewer_rating: 3.6
        max_runtime: 197
    - dimensions:
        - 1958
      aggregates:
        average_viewer_rating: 3.3853932584269666
        max_runtime: 167
    - dimensions:
        - 1959
      aggregates:
        average_viewer_rating: 3.714942528735632
        max_runtime: 212
    - dimensions:
        - 1960
      aggregates:
        average_viewer_rating: 3.634065934065934
        max_runtime: 208
    - dimensions:
        - 1961
      aggregates:
        average_viewer_rating: 3.638297872340426
        max_runtime: 190
    - dimensions:
        - 1962
      aggregates:
        average_viewer_rating: 3.6618556701030927
        max_runtime: 216
    - dimensions:
        - 1963
      aggregates:
        average_viewer_rating: 3.517171717171717
        max_runtime: 205
    - dimensions:
        - 1964
      aggregates:
        average_viewer_rating: 3.6259259259259258
        max_runtime: 485
    - dimensions:
        - 1965
      aggregates:
        average_viewer_rating: 3.618181818181818
        max_runtime: 234
    - dimensions:
        - 1966
      aggregates:
        average_viewer_rating: 3.4982300884955753
        max_runtime: 427
    - dimensions:
        - 1967
      aggregates:
        average_viewer_rating: 3.394444444444445
        max_runtime: 179
    - dimensions:
        - 1968
      aggregates:
        average_viewer_rating: 3.567272727272727
        max_runtime: 260
    - dimensions:
        - 1969
      aggregates:
        average_viewer_rating: 3.5587719298245615
        max_runtime: 252
    - dimensions:
        - 1970
      aggregates:
        average_viewer_rating: 3.4991869918699186
        max_runtime: 224
    - dimensions:
        - 1971
      aggregates:
        average_viewer_rating: 3.604385964912281
        max_runtime: 200
    - dimensions:
        - 1972
      aggregates:
        average_viewer_rating: 3.55703125
        max_runtime: 235
    - dimensions:
        - 1973
      aggregates:
        average_viewer_rating: 3.599186991869918
        max_runtime: 283
    - dimensions:
        - 1974
      aggregates:
        average_viewer_rating: 3.544859813084112
        max_runtime: 315
    - dimensions:
        - 1975
      aggregates:
        average_viewer_rating: 3.456880733944954
        max_runtime: 230
    - dimensions:
        - 1976
      aggregates:
        average_viewer_rating: 3.4511999999999996
        max_runtime: 669
    - dimensions:
        - 1977
      aggregates:
        average_viewer_rating: 3.502325581395349
        max_runtime: 442
    - dimensions:
        - 1978
      aggregates:
        average_viewer_rating: 3.304615384615385
        max_runtime: 1256
    - dimensions:
        - 1979
      aggregates:
        average_viewer_rating: 3.481203007518797
        max_runtime: 290
    - dimensions:
        - 1980
      aggregates:
        average_viewer_rating: 3.4017543859649124
        max_runtime: 910
    - dimensions:
        - 1981
      aggregates:
        average_viewer_rating: 3.4079545454545452
        max_runtime: 195
    - dimensions:
        - 1982
      aggregates:
        average_viewer_rating: 3.4505813953488373
        max_runtime: 385
    - dimensions:
        - 1983
      aggregates:
        average_viewer_rating: 3.451428571428571
        max_runtime: 720
    - dimensions:
        - 1984
      aggregates:
        average_viewer_rating: 3.476923076923077
        max_runtime: 315
    - dimensions:
        - 1985
      aggregates:
        average_viewer_rating: 3.3555555555555556
        max_runtime: 780
    - dimensions:
        - 1986
      aggregates:
        average_viewer_rating: 3.523529411764706
        max_runtime: 570
    - dimensions:
        - 1987
      aggregates:
        average_viewer_rating: 3.396
        max_runtime: 357
    - dimensions:
        - 1988
      aggregates:
        average_viewer_rating: 3.3442307692307693
        max_runtime: 267
    - dimensions:
        - 1989
      aggregates:
        average_viewer_rating: 3.338655462184874
        max_runtime: 572
    - dimensions:
        - 1990
      aggregates:
        average_viewer_rating: 3.3615062761506276
        max_runtime: 680
    - dimensions:
        - 1991
      aggregates:
        average_viewer_rating: 3.3329317269076304
        max_runtime: 240
    - dimensions:
        - 1992
      aggregates:
        average_viewer_rating: 3.3707746478873237
        max_runtime: 420
    - dimensions:
        - 1993
      aggregates:
        average_viewer_rating: 3.332291666666667
        max_runtime: 322
    - dimensions:
        - 1994
      aggregates:
        average_viewer_rating: 3.369745222929936
        max_runtime: 1140
    - dimensions:
        - 1995
      aggregates:
        average_viewer_rating: 3.270694087403599
        max_runtime: 327
    - dimensions:
        - 1996
      aggregates:
        average_viewer_rating: 3.3314685314685315
        max_runtime: 272
    - dimensions:
        - 1997
      aggregates:
        average_viewer_rating: 3.3460176991150443
        max_runtime: 204
    - dimensions:
        - 1998
      aggregates:
        average_viewer_rating: 3.3237918215613385
        max_runtime: 400
    - dimensions:
        - 1999
      aggregates:
        average_viewer_rating: 3.34263862332696
        max_runtime: 386
    - dimensions:
        - 2000
      aggregates:
        average_viewer_rating: 3.3652459016393443
        max_runtime: 417
    - dimensions:
        - 2001
      aggregates:
        average_viewer_rating: 3.324137931034483
        max_runtime: 705
    - dimensions:
        - 2002
      aggregates:
        average_viewer_rating: 3.330030959752322
        max_runtime: 877
    - dimensions:
        - 2003
      aggregates:
        average_viewer_rating: 3.34012474012474
        max_runtime: 550
    - dimensions:
        - 2004
      aggregates:
        average_viewer_rating: 3.3562499999999997
        max_runtime: 540
    - dimensions:
        - 2005
      aggregates:
        average_viewer_rating: 3.374792703150912
        max_runtime: 552
    - dimensions:
        - 2006
      aggregates:
        average_viewer_rating: 3.4110834371108343
        max_runtime: 270
    - dimensions:
        - 2007
      aggregates:
        average_viewer_rating: 3.409585798816568
        max_runtime: 394
    - dimensions:
        - 2008
      aggregates:
        average_viewer_rating: 3.308783068783069
        max_runtime: 501
    - dimensions:
        - 2009
      aggregates:
        average_viewer_rating: 3.2404786680541102
        max_runtime: 240
    - dimensions:
        - 2010
      aggregates:
        average_viewer_rating: 3.2456273764258556
        max_runtime: 334
    - dimensions:
        - 2011
      aggregates:
        average_viewer_rating: 3.130639730639731
        max_runtime: 360
    - dimensions:
        - 2012
      aggregates:
        average_viewer_rating: 3.189432485322896
        max_runtime: 360
    - dimensions:
        - 2013
      aggregates:
        average_viewer_rating: 3.203333333333333
        max_runtime: 600
    - dimensions:
        - 2014
      aggregates:
        average_viewer_rating: 3.2435114503816793
        max_runtime: 233
    - dimensions:
        - 2015
      aggregates:
        average_viewer_rating: 2.7807692307692307
        max_runtime: 334
    - dimensions:
        - 2016
      aggregates:
        average_viewer_rating: 0
        max_runtime: 111
