---
source: crates/integration-tests/src/tests/filtering.rs
expression: "graphql_query(r#\"\n                query Filtering {\n                  extendedJsonTestData(where: { value: { _regex: \"hello\" } }) {\n                    type\n                    value\n                  }\n                }\n            \"#).variables(json!({\n                        \"types\": \"double|null\"\n                    })).run().await?"
---
data:
  extendedJsonTestData:
    - type: string
      value: "hello, world!"
errors: ~
