---
source: crates/integration-tests/src/tests/expressions.rs
expression: "graphql_query(r#\"\n                query {\n                  weirdFieldNames(\n                    where: { \n                        _and: [\n                            { invalidName: { _gt: 2 } },\n                            { invalidName: { _lt: 4 } } \n                        ] \n                    }\n                  ) {\n                    invalidName\n                  }\n                }\n            \"#).run().await?"
---
data:
  weirdFieldNames:
    - invalidName: 3
errors: ~
