---
source: crates/integration-tests/src/tests/basic.rs
expression: "graphql_query(r#\"\n            query {\n              weirdFieldNames(limit: 1, order_by: { invalidName: Asc }) {\n                invalidName\n                invalidObjectName {\n                  validName\n                }\n                validObjectName {\n                  invalidNestedName\n                }\n              }\n            }\n            \"#).run().await?"
---
data:
  weirdFieldNames:
    - invalidName: 1
      invalidObjectName:
        validName: 1
      validObjectName:
        invalidNestedName: 1
errors: ~
