---
source: crates/integration-tests/src/tests/expressions.rs
expression: "graphql_query(r#\"\n                query {\n                  weirdFieldNames(where: { invalidName: { _eq: 3 } }) {\n                    invalidName\n                  }\n                }\n            \"#).run().await?"
---
data:
  weirdFieldNames:
    - invalidName: 3
errors: ~
