---
source: crates/integration-tests/src/tests/aggregation.rs
expression: "graphql_query(r#\"\n                query($albumId: Int!) {\n                  track(order_by: { id: Asc }, where: { albumId: { _eq: $albumId } }) {\n                    milliseconds\n                    unitPrice\n                  }\n                  trackAggregate(\n                    filter_input: { order_by: { id: Asc }, where: { albumId: { _eq: $albumId } } }\n                  ) {\n                    _count\n                    milliseconds {\n                      avg\n                      max\n                      min\n                      sum\n                    }\n                    unitPrice {\n                      _count\n                      _count_distinct\n                    }\n                  }\n                }\n            \"#).variables(json!({\n    \"albumId\": 9\n})).run().await?"
---
data:
  track:
    - milliseconds: 221701
      unitPrice: "0.99"
    - milliseconds: 436453
      unitPrice: "0.99"
    - milliseconds: 374543
      unitPrice: "0.99"
    - milliseconds: 322925
      unitPrice: "0.99"
    - milliseconds: 288208
      unitPrice: "0.99"
    - milliseconds: 308035
      unitPrice: "0.99"
    - milliseconds: 369345
      unitPrice: "0.99"
    - milliseconds: 350197
      unitPrice: "0.99"
  trackAggregate:
    _count: 8
    milliseconds:
      avg: 333925.875
      max: 436453
      min: 221701
      sum: 2671407
    unitPrice:
      _count: 8
      _count_distinct: 1
errors: ~
