---
source: crates/integration-tests/src/tests/grouping.rs
expression: "run_connector_query(Connector::SampleMflix,\nquery_request().collection(\"movies\").query(query().predicate(or([binop(\"_gt\",\ntarget!(\"year\"), value!(0)),\nbinop(\"_lte\", target!(\"year\"),\nvalue!(0)),])).limit(10).groups(grouping().dimensions([dimension_column(\"year\")]).aggregates([(\"average_viewer_rating\",\ncolumn_aggregate(\"tomatoes.viewer.rating\", \"avg\"),),\n(\"max_runtime\",\ncolumn_aggregate(\"runtime\",\n\"max\")),]).order_by(ordered_dimensions()),),),).await?"
---
- groups:
    - dimensions:
        - 1893
      aggregates:
        average_viewer_rating: 3
        max_runtime: 1
    - dimensions:
        - 1903
      aggregates:
        average_viewer_rating: 3.7
        max_runtime: 11
    - dimensions:
        - 1913
      aggregates:
        average_viewer_rating: 3
        max_runtime: 88
    - dimensions:
        - 1914
      aggregates:
        average_viewer_rating: 2.7
        max_runtime: 65
    - dimensions:
        - 1915
      aggregates:
        average_viewer_rating: 4
        max_runtime: 78
    - dimensions:
        - 1916
      aggregates:
        average_viewer_rating: 3.45
        max_runtime: 197
    - dimensions:
        - 1917
      aggregates:
        average_viewer_rating: 4
        max_runtime: 72
